../Core/Src/main.c:137:6:display_task	16	static
../Core/Src/main.c:153:5:main	24	static
../Core/Src/main.c:298:6:SystemClock_Config	96	static
../Core/Src/main.c:348:13:MX_ADC1_Init	48	static
../Core/Src/main.c:415:13:MX_I2C2_Init	8	static
../Core/Src/main.c:463:13:MX_TIM1_Init	96	static
../Core/Src/main.c:537:13:MX_TIM3_Init	40	static
../Core/Src/main.c:602:13:MX_TIM4_Init	56	static
../Core/Src/main.c:651:13:MX_TIM5_Init	56	static
../Core/Src/main.c:700:13:MX_TIM8_Init	40	static
../Core/Src/main.c:756:13:MX_USART2_UART_Init	8	static
../Core/Src/main.c:791:13:MX_GPIO_Init	48	static
../Core/Src/main.c:847:6:Error_Handler	4	static,ignoring_inline_asm
